// Jest Snapshot v1, https://goo.gl/fbAQLP

exports[`<home /> should render home correctly 1`] = `
<div>
  <header-stub></header-stub>
  <contatc-stub></contatc-stub>
  <div class="flex justify-center py-10 bg-brand-gray">
    <p class="font-medium text-center text-gray-800"> feedback @ 2021 <br class="hidden lg:inline-block"> Copyright - Alex Bento </p>
  </div>
</div>
`;
